L=32 T=1.50 mean=0.98628 naive=8.864e-05 block50=0.0001427 ratio=1.61 tau=1.59
L=32 T=1.60 mean=0.97936 naive=0.000118 block50=0.000231 ratio=1.96 tau=1.8
L=32 T=1.70 mean=0.97048 naive=0.0001496 block50=0.0003343 ratio=2.23 tau=1.99
L=32 T=1.80 mean=0.95628 naive=0.0001974 block50=0.0004032 ratio=2.04 tau=2.81
L=32 T=1.90 mean=0.93899 naive=0.0002565 block50=0.0006077 ratio=2.37 tau=3.47
L=32 T=2.00 mean=0.91207 naive=8.31e-05 block50=0.0002863 ratio=3.44 tau=7.07
L=32 T=2.05 mean=0.89244 naive=0.0001093 block50=0.0006597 ratio=6.04 tau=14.5
L=32 T=2.10 mean=0.86924 naive=0.0001412 block50=0.001015 ratio=7.19 tau=24.3
L=32 T=2.15 mean=0.83313 naive=0.0002065 block50=0.001671 ratio=8.09 tau=46.2
L=32 T=2.20 mean=0.78562 naive=0.000287 block50=0.00361 ratio=12.6 tau=86.1
L=32 T=2.25 mean=0.69349 naive=0.0005108 block50=0.009562 ratio=18.7 tau=181
L=32 T=2.30 mean=0.58394 naive=0.0006225 block50=0.009036 ratio=14.5 tau=122
L=32 T=2.35 mean=0.42417 naive=0.000689 block50=0.01077 ratio=15.6 tau=139
L=32 T=2.40 mean=0.32229 naive=0.000621 block50=0.009527 ratio=15.3 tau=126
L=32 T=2.45 mean=0.23798 naive=0.0005091 block50=0.005493 ratio=10.8 tau=51.4
L=32 T=2.50 mean=0.21040 naive=0.000458 block50=0.003627 ratio=7.92 tau=41.8
L=32 T=2.55 mean=0.17028 naive=0.0003884 block50=0.00293 ratio=7.54 tau=27.6
L=32 T=2.60 mean=0.15144 naive=0.0003466 block50=0.002862 ratio=8.26 tau=23.2
L=32 T=2.70 mean=0.11884 naive=0.001303 block50=0.005851 ratio=4.49 tau=13.1
L=32 T=2.80 mean=0.10796 naive=0.001122 block50=0.004639 ratio=4.13 tau=8.42
L=32 T=2.90 mean=0.09733 naive=0.001002 block50=0.003433 ratio=3.43 tau=6.67
L=32 T=3.00 mean=0.08899 naive=0.0009209 block50=0.002842 ratio=3.09 tau=5.5
L=32 T=3.10 mean=0.07763 naive=0.0008232 block50=0.002383 ratio=2.89 tau=4.52
L=32 T=3.20 mean=0.07354 naive=0.0007873 block50=0.002165 ratio=2.75 tau=4.12
L=32 T=3.30 mean=0.06670 naive=0.0007189 block50=0.001756 ratio=2.44 tau=3.07
L=32 T=3.40 mean=0.06325 naive=0.0006858 block50=0.001639 ratio=2.39 tau=2.72
L=32 T=3.50 mean=0.06053 naive=0.0006306 block50=0.001234 ratio=1.96 tau=2.15
L=64 T=1.50 mean=0.98647 naive=4.42e-05 block50=8.408e-05 ratio=1.9 tau=1.58
L=64 T=1.60 mean=0.97955 naive=5.889e-05 block50=0.0001094 ratio=1.86 tau=1.99
L=64 T=1.70 mean=0.97000 naive=7.554e-05 block50=0.000154 ratio=2.04 tau=2.08
L=64 T=1.80 mean=0.95679 naive=9.617e-05 block50=0.0002332 ratio=2.42 tau=2.78
L=64 T=1.90 mean=0.93882 naive=0.0001292 block50=0.0004401 ratio=3.41 tau=5.42
L=64 T=2.00 mean=0.91145 naive=4.319e-05 block50=0.0001696 ratio=3.93 tau=8.92
L=64 T=2.05 mean=0.89309 naive=5.309e-05 block50=0.0002549 ratio=4.8 tau=12.5
L=64 T=2.10 mean=0.86937 naive=6.786e-05 block50=0.0003799 ratio=5.6 tau=19.6
L=64 T=2.15 mean=0.83534 naive=9.788e-05 block50=0.0009905 ratio=10.1 tau=52.8
L=64 T=2.20 mean=0.78187 naive=0.0001597 block50=0.002563 ratio=16 tau=123
L=64 T=2.25 mean=0.67108 naive=0.000395 block50=0.01185 ratio=30 tau=611
L=64 T=2.30 mean=0.45812 naive=0.0005747 block50=0.01813 ratio=31.6 tau=735
L=64 T=2.35 mean=0.24617 naive=0.0005137 block50=0.01145 ratio=22.3 tau=274
L=64 T=2.40 mean=0.15816 naive=0.0003602 block50=0.0068 ratio=18.9 tau=207
L=64 T=2.45 mean=0.12332 naive=0.0002836 block50=0.003098 ratio=10.9 tau=71.9
L=64 T=2.50 mean=0.09788 naive=0.0002294 block50=0.002285 ratio=9.96 tau=49.3
L=64 T=2.55 mean=0.08740 naive=0.0002062 block50=0.001729 ratio=8.39 tau=33.2
L=64 T=2.60 mean=0.07380 naive=0.0001747 block50=0.001305 ratio=7.47 tau=22.7
L=64 T=2.70 mean=0.06187 naive=0.0006385 block50=0.003264 ratio=5.11 tau=12.2
L=64 T=2.80 mean=0.05252 naive=0.0005796 block50=0.002641 ratio=4.56 tau=10.9
L=64 T=2.90 mean=0.04318 naive=0.0004545 block50=0.001368 ratio=3.01 tau=5.43
L=64 T=3.00 mean=0.04548 naive=0.0004737 block50=0.001528 ratio=3.23 tau=7.03
L=64 T=3.10 mean=0.03812 naive=0.0004054 block50=0.001178 ratio=2.91 tau=4.72
L=64 T=3.20 mean=0.03683 naive=0.000398 block50=0.001223 ratio=3.07 tau=5.2
L=64 T=3.30 mean=0.03512 naive=0.0003655 block50=0.0008867 ratio=2.43 tau=3.69
L=64 T=3.40 mean=0.03262 naive=0.0003542 block50=0.00101 ratio=2.85 tau=3.83
L=64 T=3.50 mean=0.03171 naive=0.0003332 block50=0.0005766 ratio=1.73 tau=2.4
